Inactive:          57692 kB
Unevictable:           0 kB
AnonPages:         24868 kB
Slab:             147080 kB
Cached:           165884 kB
DirectMap1G:           0 kB
Mlocked:               0 kB
Percpu:             1256 kB
Hugetlb:               0 kB
AnonHugePages:         0 kB
Active(file):     109072 kB
DirectMap2M:      774144 kB
Bounce:                0 kB
Inactive(file):    56604 kB
HugePages_Free:        0
HardwareCorrupted:     0 kB
ShmemPmdMapped:        0 kB
Committed_AS:     114128 kB
VmallocChunk:          0 kB
Dirty:                 0 kB
Active(anon):      25096 kB
KernelStack:        1472 kB
SwapTotal:             0 kB
MemAvailable:          120153168 kB
HugePages_Surp:        0
Writeback:             0 kB
HugePages_Total:       0
KReclaimable:     109084 kB
SReclaimable:     109084 kB
Inactive(anon):     1088 kB
SUnreclaim:        37996 kB
Mapped:            25548 kB
SwapFree:              0 kB
DirectMap4k:      274396 kB
ShmemHugePages:        0 kB
Buffers:            1084 kB
CommitLimit:      504132 kB
MemTotal:        1006012696 kB
Shmem:              1292 kB
SwapCached:            0 kB
NFS_Unstable:          0 kB
VmallocUsed:           0 kB
MemFree:          589004 kB
PageTables:         1396 kB
VmallocTotal:   34359738367 kB
WritebackTmp:          0 kB
Hugepagesize:       2048 kB
Active:     681524 kB
HugePages_Rsvd:        0
