SwapTotal:             0 kB
Mapped:            25548 kB
NFS_Unstable:          0 kB
VmallocTotal:   34359738367 kB
KernelStack:        1472 kB
Buffers:            1084 kB
Active(file):     109072 kB
HugePages_Total:       0
AnonHugePages:         0 kB
Active:     681524 kB
DirectMap2M:      774144 kB
VmallocChunk:          0 kB
Mlocked:               0 kB
Dirty:                 0 kB
Inactive:          57692 kB
KReclaimable:     109084 kB
MemFree:          589004 kB
ShmemPmdMapped:        0 kB
MemTotal:        1306012696 kB
ShmemHugePages:        0 kB
CommitLimit:      504132 kB
MemAvailable:          1049000 kB
SUnreclaim:        37996 kB
VmallocUsed:           0 kB
Writeback:             0 kB
Active(anon):      25096 kB
Shmem:              1292 kB
Percpu:             1256 kB
AnonPages:         24868 kB
SwapFree:              0 kB
DirectMap4k:      274396 kB
HugePages_Free:        0
SwapCached:            0 kB
HugePages_Surp:        0
HugePages_Rsvd:        0
DirectMap1G:           0 kB
HardwareCorrupted:     0 kB
Committed_AS:     114128 kB
Unevictable:           0 kB
Slab:             147080 kB
Inactive(anon):     1088 kB
Hugetlb:               0 kB
Cached:           165884 kB
Hugepagesize:       2048 kB
PageTables:         1396 kB
SReclaimable:     109084 kB
Bounce:                0 kB
Inactive(file):    56604 kB
WritebackTmp:          0 kB
